Error type A at Line 2: unknown lexeme 1000000000000000000000000
